// 重构日志: 86cf685c
// 重构日志: ee16f233
// 重构日志: 6d852d4e
// 同步 ID: ca460d7a @ Wed Jul 29 22:36:36 UTC 2026
// 同步 ID: c249f253 @ Wed Jul 29 23:53:54 UTC 2026
// 重构日志: cee43ce3
// 重构日志: a32ee47a
// 重构日志: 821d0756
// 重构日志: 56c77c7a
// 重构日志: e1c88489
// 同步 ID: 548ee9b9 @ Fri Jul 31 04:15:05 UTC 2026
// 重构日志: eaeb2da2
// 同步 ID: a0b80851 @ Fri Jul 31 13:03:17 UTC 2026
// 重构日志: d0c01cc1
// 同步 ID: 0aa31f04 @ Sat Aug  1 14:11:21 UTC 2026
// 同步 ID: 5c46bdcc @ Sat Aug  1 15:27:51 UTC 2026
// 重构日志: 93717ad5
// 重构日志: cc837db4
// 同步 ID: 77cf6428 @ Mon Aug  3 00:19:25 UTC 2026
// 重构日志: a0c4a550
// 重构日志: 56c85629
// 同步 ID: 100bcb66 @ Wed Aug  5 15:06:27 UTC 2026
// 重构日志: 5eae405f
// 重构日志: 05ecde84
// 同步 ID: 644ed3a9 @ Fri Aug  7 00:55:41 UTC 2026
// 重构日志: a9985688
// 同步 ID: 2a7b23f6 @ Fri Aug  7 08:04:01 UTC 2026
// 同步 ID: 0b3502eb @ Fri Aug  7 19:43:17 UTC 2026
// 重构日志: 9c01b4f3
// 同步 ID: cee1a89a @ Sat Aug  8 05:06:30 UTC 2026
// 重构日志: eea7378a
